Archive member included because of file (symbol)

c:/winavr-20100110/bin/../lib/gcc/avr/4.3.3/avr35\libgcc.a(_exit.o)
                              c:/winavr-20100110/bin/../lib/gcc/avr/4.3.3/../../../../avr/lib/avr35/crtusb162.o (exit)
c:/winavr-20100110/bin/../lib/gcc/avr/4.3.3/avr35\libgcc.a(_clear_bss.o)
                              default/usb_device_task.o (__do_clear_bss)

Allocating common symbols
Common symbol       size              file

endpoint_status     0x7               default/usb_standard_request.o
usb_key_pointer     0x2               default/keyboard_task.o
usb_data_to_send    0x2               default/keyboard_task.o
cpt_sof             0x1               default/keyboard_task.o
delay_usb           0x2               default/usb_task.o
usb_configuration_nb
                    0x1               default/usb_standard_request.o
usb_key             0x1               default/keyboard_task.o
usb_kbd_state       0x1               default/keyboard_task.o
data_to_transfer    0x1               default/usb_standard_request.o
key_hit             0x1               default/keyboard_task.o
pbuffer             0x2               default/usb_standard_request.o
transmit_no_key     0x1               default/keyboard_task.o

Discarded input sections

 .data          0x00000000        0x0 c:/winavr-20100110/bin/../lib/gcc/avr/4.3.3/../../../../avr/lib/avr35/crtusb162.o
 .bss           0x00000000        0x0 c:/winavr-20100110/bin/../lib/gcc/avr/4.3.3/../../../../avr/lib/avr35/crtusb162.o
 .text          0x00000000        0x0 default/wdt_drv.o
 .data          0x00000000        0x0 default/wdt_drv.o
 .bss           0x00000000        0x0 default/wdt_drv.o
 .text.wdtdrv_enable
                0x00000000        0x0 default/wdt_drv.o
 .text.wdtdrv_interrupt_enable
                0x00000000        0x0 default/wdt_drv.o
 .text.wdtdrv_interrupt_reset_enable
                0x00000000        0x0 default/wdt_drv.o
 .text          0x00000000        0x0 default/power_drv.o
 .data          0x00000000        0x0 default/power_drv.o
 .bss           0x00000000        0x0 default/power_drv.o
 .text.set_idle_mode
                0x00000000        0x0 default/power_drv.o
 .text.set_adc_noise_reduction_mode
                0x00000000        0x0 default/power_drv.o
 .text.set_power_save_mode
                0x00000000        0x0 default/power_drv.o
 .text.set_standby_mode
                0x00000000        0x0 default/power_drv.o
 .text.set_ext_standby_mode
                0x00000000        0x0 default/power_drv.o
 .text.Clock_switch_external
                0x00000000        0x0 default/power_drv.o
 .text.Clock_switch_internal
                0x00000000        0x0 default/power_drv.o
 .text          0x00000000        0x0 default/usb_drv.o
 .data          0x00000000        0x0 default/usb_drv.o
 .bss           0x00000000        0x0 default/usb_drv.o
 .text.usb_select_enpoint_interrupt
                0x00000000        0x0 default/usb_drv.o
 .text.usb_send_packet
                0x00000000        0x0 default/usb_drv.o
 .text.usb_read_packet
                0x00000000        0x0 default/usb_drv.o
 .text.usb_halt_endpoint
                0x00000000        0x0 default/usb_drv.o
 .text          0x00000000        0x0 default/scheduler.o
 .data          0x00000000        0x0 default/scheduler.o
 .bss           0x00000000        0x0 default/scheduler.o
 .text.scheduler_empty_fct
                0x00000000        0x0 default/scheduler.o
 .text          0x00000000        0x0 default/usb_device_task.o
 .data          0x00000000        0x0 default/usb_device_task.o
 .text          0x00000000        0x0 default/usb_standard_request.o
 .data          0x00000000        0x0 default/usb_standard_request.o
 .text          0x00000000        0x0 default/usb_task.o
 .data          0x00000000        0x0 default/usb_task.o
 .text          0x00000000        0x0 default/usb_specific_request.o
 .data          0x00000000        0x0 default/usb_specific_request.o
 .text          0x00000000        0x0 default/usb_descriptors.o
 .data          0x00000000        0x0 default/usb_descriptors.o
 .bss           0x00000000        0x0 default/usb_descriptors.o
 .text          0x00000000        0x0 default/keyboard_task.o
 .data          0x00000000        0x0 default/keyboard_task.o
 .bss           0x00000000        0x0 default/keyboard_task.o
 .text.vbus_off_action
                0x00000000        0x0 default/keyboard_task.o
 .text          0x00000000        0x0 default/main.o
 .data          0x00000000        0x0 default/main.o
 .bss           0x00000000        0x0 default/main.o
 .text          0x00000000        0x0 c:/winavr-20100110/bin/../lib/gcc/avr/4.3.3/avr35\libgcc.a(_exit.o)
 .data          0x00000000        0x0 c:/winavr-20100110/bin/../lib/gcc/avr/4.3.3/avr35\libgcc.a(_exit.o)
 .bss           0x00000000        0x0 c:/winavr-20100110/bin/../lib/gcc/avr/4.3.3/avr35\libgcc.a(_exit.o)
 .text.libgcc   0x00000000        0x0 c:/winavr-20100110/bin/../lib/gcc/avr/4.3.3/avr35\libgcc.a(_exit.o)
 .text          0x00000000        0x0 c:/winavr-20100110/bin/../lib/gcc/avr/4.3.3/avr35\libgcc.a(_clear_bss.o)
 .data          0x00000000        0x0 c:/winavr-20100110/bin/../lib/gcc/avr/4.3.3/avr35\libgcc.a(_clear_bss.o)
 .bss           0x00000000        0x0 c:/winavr-20100110/bin/../lib/gcc/avr/4.3.3/avr35\libgcc.a(_clear_bss.o)
 .text.libgcc   0x00000000        0x0 c:/winavr-20100110/bin/../lib/gcc/avr/4.3.3/avr35\libgcc.a(_clear_bss.o)

Memory Configuration

Name             Origin             Length             Attributes
text             0x00000000         0x00020000         xr
data             0x00800060         0x0000ffa0         rw !x
eeprom           0x00810000         0x00010000         rw !x
fuse             0x00820000         0x00000400         rw !x
lock             0x00830000         0x00000400         rw !x
signature        0x00840000         0x00000400         rw !x
*default*        0x00000000         0xffffffff

Linker script and memory map

Address of section .data set to 0x800100
LOAD c:/winavr-20100110/bin/../lib/gcc/avr/4.3.3/../../../../avr/lib/avr35/crtusb162.o
LOAD default/wdt_drv.o
LOAD default/power_drv.o
LOAD default/usb_drv.o
LOAD default/scheduler.o
LOAD default/usb_device_task.o
LOAD default/usb_standard_request.o
LOAD default/usb_task.o
LOAD default/usb_specific_request.o
LOAD default/usb_descriptors.o
LOAD default/keyboard_task.o
LOAD default/main.o
LOAD c:/winavr-20100110/bin/../lib/gcc/avr/4.3.3/avr35\libgcc.a
LOAD c:/winavr-20100110/bin/../lib/gcc/avr/4.3.3/../../../../avr/lib/avr35\libc.a
LOAD c:/winavr-20100110/bin/../lib/gcc/avr/4.3.3/avr35\libgcc.a

.hash
 *(.hash)

.dynsym
 *(.dynsym)

.dynstr
 *(.dynstr)

.gnu.version
 *(.gnu.version)

.gnu.version_d
 *(.gnu.version_d)

.gnu.version_r
 *(.gnu.version_r)

.rel.init
 *(.rel.init)

.rela.init
 *(.rela.init)

.rel.text
 *(.rel.text)
 *(.rel.text.*)
 *(.rel.gnu.linkonce.t*)

.rela.text
 *(.rela.text)
 *(.rela.text.*)
 *(.rela.gnu.linkonce.t*)

.rel.fini
 *(.rel.fini)

.rela.fini
 *(.rela.fini)

.rel.rodata
 *(.rel.rodata)
 *(.rel.rodata.*)
 *(.rel.gnu.linkonce.r*)

.rela.rodata
 *(.rela.rodata)
 *(.rela.rodata.*)
 *(.rela.gnu.linkonce.r*)

.rel.data
 *(.rel.data)
 *(.rel.data.*)
 *(.rel.gnu.linkonce.d*)

.rela.data
 *(.rela.data)
 *(.rela.data.*)
 *(.rela.gnu.linkonce.d*)

.rel.ctors
 *(.rel.ctors)

.rela.ctors
 *(.rela.ctors)

.rel.dtors
 *(.rel.dtors)

.rela.dtors
 *(.rela.dtors)

.rel.got
 *(.rel.got)

.rela.got
 *(.rela.got)

.rel.bss
 *(.rel.bss)

.rela.bss
 *(.rela.bss)

.rel.plt
 *(.rel.plt)

.rela.plt
 *(.rela.plt)

.text           0x00000000     0x10f6
 *(.vectors)
 .vectors       0x00000000       0x74 c:/winavr-20100110/bin/../lib/gcc/avr/4.3.3/../../../../avr/lib/avr35/crtusb162.o
                0x00000000                __vectors
                0x00000000                __vector_default
 *(.vectors)
 *(.progmem.gcc*)
 *(.progmem*)
 .progmem.data  0x00000074       0xe2 default/usb_descriptors.o
                0x000000e0                usb_user_language_id
                0x00000074                usb_dev_desc
                0x000000b4                usb_user_product_string_descriptor
                0x000000a8                usb_user_manufacturer_string_descriptor
                0x000000e4                usb_hid_report_descriptor_kbd
                0x00000086                usb_conf_desc
 .progmem.data  0x00000156      0x165 default/keyboard_task.o
                0x000002ba                usb_keyleft
                0x000002b9                usb_keyright
                0x00000156                usb_keys
                0x000002b7                usb_keyup
                0x000002b8                usb_keydown
                0x000002bc                . = ALIGN (0x2)
 *fill*         0x000002bb        0x1 00
                0x000002bc                __trampolines_start = .
 *(.trampolines)
 .trampolines   0x000002bc        0x0 linker stubs
 *(.trampolines*)
                0x000002bc                __trampolines_end = .
 *(.jumptables)
 *(.jumptables*)
 *(.lowtext)
 *(.lowtext*)
                0x000002bc                __ctors_start = .
 *(.ctors)
                0x000002bc                __ctors_end = .
                0x000002bc                __dtors_start = .
 *(.dtors)
                0x000002bc                __dtors_end = .
 SORT(*)(.ctors)
 SORT(*)(.dtors)
 *(.init0)
 .init0         0x000002bc        0x0 c:/winavr-20100110/bin/../lib/gcc/avr/4.3.3/../../../../avr/lib/avr35/crtusb162.o
                0x000002bc                __init
 *(.init0)
 *(.init1)
 *(.init1)
 *(.init2)
 .init2         0x000002bc        0xc c:/winavr-20100110/bin/../lib/gcc/avr/4.3.3/../../../../avr/lib/avr35/crtusb162.o
 *(.init2)
 *(.init3)
 .init3         0x000002c8        0x2 default/main.o
                0x000002c8                __low_level_init
 *(.init3)
 *(.init4)
 .init4         0x000002ca       0x10 c:/winavr-20100110/bin/../lib/gcc/avr/4.3.3/avr35\libgcc.a(_clear_bss.o)
                0x000002ca                __do_clear_bss
 *(.init4)
 *(.init5)
 *(.init5)
 *(.init6)
 *(.init6)
 *(.init7)
 *(.init7)
 *(.init8)
 *(.init8)
 *(.init9)
 .init9         0x000002da        0x4 c:/winavr-20100110/bin/../lib/gcc/avr/4.3.3/../../../../avr/lib/avr35/crtusb162.o
 *(.init9)
 *(.text)
 .text          0x000002de        0x2 c:/winavr-20100110/bin/../lib/gcc/avr/4.3.3/../../../../avr/lib/avr35/crtusb162.o
                0x000002de                __vector_22
                0x000002de                __vector_28
                0x000002de                __vector_1
                0x000002de                __vector_24
                0x000002de                __vector_12
                0x000002de                __bad_interrupt
                0x000002de                __vector_6
                0x000002de                __vector_3
                0x000002de                __vector_23
                0x000002de                __vector_25
                0x000002de                __vector_13
                0x000002de                __vector_17
                0x000002de                __vector_19
                0x000002de                __vector_7
                0x000002de                __vector_27
                0x000002de                __vector_5
                0x000002de                __vector_4
                0x000002de                __vector_2
                0x000002de                __vector_21
                0x000002de                __vector_15
                0x000002de                __vector_8
                0x000002de                __vector_26
                0x000002de                __vector_14
                0x000002de                __vector_10
                0x000002de                __vector_16
                0x000002de                __vector_18
                0x000002de                __vector_20
                0x000002e0                . = ALIGN (0x2)
 *(.text.*)
 .text.wdtdrv_disable
                0x000002e0       0x20 default/wdt_drv.o
                0x000002e0                wdtdrv_disable
 .text.set_power_down_mode
                0x00000300        0xc default/power_drv.o
                0x00000300                set_power_down_mode
 .text.usb_config_ep
                0x0000030c       0x30 default/usb_drv.o
                0x0000030c                usb_config_ep
 .text.usb_init_device
                0x0000033c       0x1a default/usb_drv.o
                0x0000033c                usb_init_device
 .text.scheduler_tasks
                0x00000356        0x6 default/scheduler.o
                0x00000356                scheduler_tasks
 .text.scheduler_init
                0x0000035c        0x4 default/scheduler.o
                0x0000035c                scheduler_init
 .text.scheduler
                0x00000360        0x4 default/scheduler.o
                0x00000360                scheduler
 .text.usb_device_task_init
                0x00000364       0x12 default/usb_device_task.o
                0x00000364                usb_device_task_init
 .text.usb_start_device
                0x00000376       0x4e default/usb_device_task.o
                0x00000376                usb_start_device
 .text.usb_device_task
                0x000003c4       0x4e default/usb_device_task.o
                0x000003c4                usb_device_task
 .text.usb_generate_remote_wakeup
                0x00000412       0x32 default/usb_standard_request.o
                0x00000412                usb_generate_remote_wakeup
 .text.usb_process_request
                0x00000444      0x48c default/usb_standard_request.o
                0x00000444                usb_process_request
 .text.usb_delay_ms
                0x000008d0       0x36 default/usb_task.o
                0x000008d0                usb_delay_ms
 .text.__vector_11
                0x00000906      0x20e default/usb_task.o
                0x00000906                __vector_11
 .text.usb_task
                0x00000b14        0x4 default/usb_task.o
                0x00000b14                usb_task
 .text.usb_task_init
                0x00000b18        0xc default/usb_task.o
                0x00000b18                usb_task_init
 .text.usb_user_interface_get
                0x00000b24        0x4 default/usb_specific_request.o
                0x00000b24                usb_user_interface_get
 .text.usb_user_interface_reset
                0x00000b28       0x2a default/usb_specific_request.o
                0x00000b28                usb_user_interface_reset
 .text.usb_user_get_descriptor
                0x00000b52       0x44 default/usb_specific_request.o
                0x00000b52                usb_user_get_descriptor
 .text.hid_get_report_descriptor
                0x00000b96       0xdc default/usb_specific_request.o
                0x00000b96                hid_get_report_descriptor
 .text.usb_hid_set_report_ouput
                0x00000c72       0x3c default/usb_specific_request.o
                0x00000c72                usb_hid_set_report_ouput
 .text.usb_hid_set_idle
                0x00000cae       0x40 default/usb_specific_request.o
                0x00000cae                usb_hid_set_idle
 .text.usb_hid_get_idle
                0x00000cee       0x72 default/usb_specific_request.o
                0x00000cee                usb_hid_get_idle
 .text.hid_get_hid_descriptor
                0x00000d60       0xdc default/usb_specific_request.o
                0x00000d60                hid_get_hid_descriptor
 .text.usb_user_read_request
                0x00000e3c       0x54 default/usb_specific_request.o
                0x00000e3c                usb_user_read_request
 .text.usb_user_endpoint_init
                0x00000e90        0xc default/usb_specific_request.o
                0x00000e90                usb_user_endpoint_init
 .text.keyboard_task_init
                0x00000e9c       0x28 default/keyboard_task.o
                0x00000e9c                keyboard_task_init
 .text.kbd_test_hit
                0x00000ec4       0xe4 default/keyboard_task.o
                0x00000ec4                kbd_test_hit
 .text.keyboard_task
                0x00000fa8       0xb6 default/keyboard_task.o
                0x00000fa8                keyboard_task
 .text.sof_action
                0x0000105e        0xc default/keyboard_task.o
                0x0000105e                sof_action
 .text.__vector_9
                0x0000106a       0x5c default/keyboard_task.o
                0x0000106a                __vector_9
 .text.suspend_action
                0x000010c6       0x22 default/keyboard_task.o
                0x000010c6                suspend_action
 .text.main     0x000010e8        0xa default/main.o
                0x000010e8                main
                0x000010f2                . = ALIGN (0x2)
 *(.fini9)
 .fini9         0x000010f2        0x0 c:/winavr-20100110/bin/../lib/gcc/avr/4.3.3/avr35\libgcc.a(_exit.o)
                0x000010f2                exit
                0x000010f2                _exit
 *(.fini9)
 *(.fini8)
 *(.fini8)
 *(.fini7)
 *(.fini7)
 *(.fini6)
 *(.fini6)
 *(.fini5)
 *(.fini5)
 *(.fini4)
 *(.fini4)
 *(.fini3)
 *(.fini3)
 *(.fini2)
 *(.fini2)
 *(.fini1)
 *(.fini1)
 *(.fini0)
 .fini0         0x000010f2        0x4 c:/winavr-20100110/bin/../lib/gcc/avr/4.3.3/avr35\libgcc.a(_exit.o)
 *(.fini0)
                0x000010f6                _etext = .

.data           0x00800100        0x0 load address 0x000010f6
                0x00800100                PROVIDE (__data_start, .)
 *(.data)
 *(.data*)
 *(.rodata)
 *(.rodata*)
 *(.gnu.linkonce.d*)
                0x00800100                . = ALIGN (0x2)
                0x00800100                _edata = .
                0x00800100                PROVIDE (__data_end, .)

.bss            0x00800100       0x1d
                0x00800100                PROVIDE (__bss_start, .)
 *(.bss)
 .bss           0x00800100        0x2 default/usb_device_task.o
                0x00800101                usb_suspended
                0x00800100                usb_connected
 .bss           0x00800102        0x2 default/usb_standard_request.o
                0x00800103                device_status
                0x00800102                remote_wakeup_feature
 .bss           0x00800104        0x2 default/usb_task.o
                0x00800104                g_usb_event
 .bss           0x00800106        0x1 default/usb_specific_request.o
                0x00800106                g_u8_report_rate
 *(.bss*)
 *(COMMON)
 COMMON         0x00800107        0xb default/usb_standard_request.o
                0x00800107                endpoint_status
                0x0080010e                usb_configuration_nb
                0x0080010f                data_to_transfer
                0x00800110                pbuffer
 COMMON         0x00800112        0x2 default/usb_task.o
                0x00800112                delay_usb
 COMMON         0x00800114        0x9 default/keyboard_task.o
                0x00800114                usb_key_pointer
                0x00800116                usb_data_to_send
                0x00800118                cpt_sof
                0x00800119                usb_key
                0x0080011a                usb_kbd_state
                0x0080011b                key_hit
                0x0080011c                transmit_no_key
                0x0080011d                PROVIDE (__bss_end, .)
                0x000010f6                __data_load_start = LOADADDR (.data)
                0x000010f6                __data_load_end = (__data_load_start + SIZEOF (.data))

.noinit         0x0080011d        0x0
                0x0080011d                PROVIDE (__noinit_start, .)
 *(.noinit*)
                0x0080011d                PROVIDE (__noinit_end, .)
                0x0080011d                _end = .
                0x0080011d                PROVIDE (__heap_start, .)

.eeprom         0x00810000        0x0
 *(.eeprom*)
                0x00810000                __eeprom_end = .

.fuse
 *(.fuse)
 *(.lfuse)
 *(.hfuse)
 *(.efuse)

.lock
 *(.lock*)

.signature
 *(.signature*)

.stab
 *(.stab)

.stabstr
 *(.stabstr)

.stab.excl
 *(.stab.excl)

.stab.exclstr
 *(.stab.exclstr)

.stab.index
 *(.stab.index)

.stab.indexstr
 *(.stab.indexstr)

.comment
 *(.comment)

.debug
 *(.debug)

.line
 *(.line)

.debug_srcinfo
 *(.debug_srcinfo)

.debug_sfnames
 *(.debug_sfnames)

.debug_aranges  0x00000000      0x280
 *(.debug_aranges)
 .debug_aranges
                0x00000000       0x38 default/wdt_drv.o
 .debug_aranges
                0x00000038       0x58 default/power_drv.o
 .debug_aranges
                0x00000090       0x48 default/usb_drv.o
 .debug_aranges
                0x000000d8       0x38 default/scheduler.o
 .debug_aranges
                0x00000110       0x30 default/usb_device_task.o
 .debug_aranges
                0x00000140       0x28 default/usb_standard_request.o
 .debug_aranges
                0x00000168       0x38 default/usb_task.o
 .debug_aranges
                0x000001a0       0x68 default/usb_specific_request.o
 .debug_aranges
                0x00000208       0x50 default/keyboard_task.o
 .debug_aranges
                0x00000258       0x28 default/main.o

.debug_pubnames
                0x00000000      0x760
 *(.debug_pubnames)
 .debug_pubnames
                0x00000000       0x75 default/wdt_drv.o
 .debug_pubnames
                0x00000075       0xd7 default/power_drv.o
 .debug_pubnames
                0x0000014c       0x97 default/usb_drv.o
 .debug_pubnames
                0x000001e3       0x5f default/scheduler.o
 .debug_pubnames
                0x00000242       0x78 default/usb_device_task.o
 .debug_pubnames
                0x000002ba       0xc3 default/usb_standard_request.o
 .debug_pubnames
                0x0000037d       0x70 default/usb_task.o
 .debug_pubnames
                0x000003ed      0x130 default/usb_specific_request.o
 .debug_pubnames
                0x0000051d       0xc3 default/usb_descriptors.o
 .debug_pubnames
                0x000005e0      0x150 default/keyboard_task.o
 .debug_pubnames
                0x00000730       0x30 default/main.o

.debug_info     0x00000000     0x205d
 *(.debug_info)
 .debug_info    0x00000000      0x14a default/wdt_drv.o
 .debug_info    0x0000014a      0x127 default/power_drv.o
 .debug_info    0x00000271      0x1f7 default/usb_drv.o
 .debug_info    0x00000468       0xdd default/scheduler.o
 .debug_info    0x00000545      0x11b default/usb_device_task.o
 .debug_info    0x00000660      0x8ab default/usb_standard_request.o
 .debug_info    0x00000f0b      0x137 default/usb_task.o
 .debug_info    0x00001042      0x761 default/usb_specific_request.o
 .debug_info    0x000017a3      0x556 default/usb_descriptors.o
 .debug_info    0x00001cf9      0x2ad default/keyboard_task.o
 .debug_info    0x00001fa6       0xb7 default/main.o
 *(.gnu.linkonce.wi.*)

.debug_abbrev   0x00000000      0x90a
 *(.debug_abbrev)
 .debug_abbrev  0x00000000       0x8a default/wdt_drv.o
 .debug_abbrev  0x0000008a       0x4a default/power_drv.o
 .debug_abbrev  0x000000d4       0xce default/usb_drv.o
 .debug_abbrev  0x000001a2       0x68 default/scheduler.o
 .debug_abbrev  0x0000020a       0x80 default/usb_device_task.o
 .debug_abbrev  0x0000028a      0x1f3 default/usb_standard_request.o
 .debug_abbrev  0x0000047d       0xa6 default/usb_task.o
 .debug_abbrev  0x00000523      0x1cb default/usb_specific_request.o
 .debug_abbrev  0x000006ee       0xbc default/usb_descriptors.o
 .debug_abbrev  0x000007aa      0x114 default/keyboard_task.o
 .debug_abbrev  0x000008be       0x4c default/main.o

.debug_line     0x00000000     0x1b31
 *(.debug_line)
 .debug_line    0x00000000      0x163 default/wdt_drv.o
 .debug_line    0x00000163      0x1d4 default/power_drv.o
 .debug_line    0x00000337      0x1d7 default/usb_drv.o
 .debug_line    0x0000050e       0xf8 default/scheduler.o
 .debug_line    0x00000606      0x1ca default/usb_device_task.o
 .debug_line    0x000007d0      0x61b default/usb_standard_request.o
 .debug_line    0x00000deb      0x2c7 default/usb_task.o
 .debug_line    0x000010b2      0x4f2 default/usb_specific_request.o
 .debug_line    0x000015a4       0xb2 default/usb_descriptors.o
 .debug_line    0x00001656      0x44c default/keyboard_task.o
 .debug_line    0x00001aa2       0x8f default/main.o

.debug_frame    0x00000000      0x3c0
 *(.debug_frame)
 .debug_frame   0x00000000       0x50 default/wdt_drv.o
 .debug_frame   0x00000050       0x90 default/power_drv.o
 .debug_frame   0x000000e0       0x70 default/usb_drv.o
 .debug_frame   0x00000150       0x50 default/scheduler.o
 .debug_frame   0x000001a0       0x40 default/usb_device_task.o
 .debug_frame   0x000001e0       0x30 default/usb_standard_request.o
 .debug_frame   0x00000210       0x50 default/usb_task.o
 .debug_frame   0x00000260       0xb0 default/usb_specific_request.o
 .debug_frame   0x00000310       0x80 default/keyboard_task.o
 .debug_frame   0x00000390       0x30 default/main.o

.debug_str      0x00000000      0xca9
 *(.debug_str)
 .debug_str     0x00000000      0x13b default/wdt_drv.o
                                0x174 (size before relaxing)
 .debug_str     0x0000013b       0xc8 default/power_drv.o
                                0x1b9 (size before relaxing)
 .debug_str     0x00000203       0xda default/usb_drv.o
                                0x1cb (size before relaxing)
 .debug_str     0x000002dd       0x64 default/scheduler.o
                                0x155 (size before relaxing)
 .debug_str     0x00000341       0xa7 default/usb_device_task.o
                                0x198 (size before relaxing)
 .debug_str     0x000003e8      0x500 default/usb_standard_request.o
                                0x606 (size before relaxing)
 .debug_str     0x000008e8       0x5a default/usb_task.o
                                0x165 (size before relaxing)
 .debug_str     0x00000942      0x22d default/usb_specific_request.o
                                0x5e3 (size before relaxing)
 .debug_str     0x00000b6f       0x15 default/usb_descriptors.o
                                0x4e7 (size before relaxing)
 .debug_str     0x00000b84      0x105 default/keyboard_task.o
                                0x24e (size before relaxing)
 .debug_str     0x00000c89       0x20 default/main.o
                                0x111 (size before relaxing)

.debug_loc      0x00000000      0x808
 *(.debug_loc)
 .debug_loc     0x00000000       0x5a default/wdt_drv.o
 .debug_loc     0x0000005a      0x101 default/usb_drv.o
 .debug_loc     0x0000015b      0x451 default/usb_standard_request.o
 .debug_loc     0x000005ac       0x1e default/usb_task.o
 .debug_loc     0x000005ca      0x22b default/usb_specific_request.o
 .debug_loc     0x000007f5       0x13 default/keyboard_task.o

.debug_macinfo
 *(.debug_macinfo)
OUTPUT(STK526-series2-hidkbd.elf elf32-avr)
LOAD linker stubs

.debug_ranges   0x00000000      0x260
 .debug_ranges  0x00000000       0x30 default/wdt_drv.o
 .debug_ranges  0x00000030       0x50 default/power_drv.o
 .debug_ranges  0x00000080       0x40 default/usb_drv.o
 .debug_ranges  0x000000c0       0x30 default/scheduler.o
 .debug_ranges  0x000000f0       0x28 default/usb_device_task.o
 .debug_ranges  0x00000118       0x50 default/usb_standard_request.o
 .debug_ranges  0x00000168       0x30 default/usb_task.o
 .debug_ranges  0x00000198       0x60 default/usb_specific_request.o
 .debug_ranges  0x000001f8       0x48 default/keyboard_task.o
 .debug_ranges  0x00000240       0x20 default/main.o

Cross Reference Table

Symbol                                            File
Clock_switch_external                             default/power_drv.o
Clock_switch_internal                             default/power_drv.o
__bad_interrupt                                   c:/winavr-20100110/bin/../lib/gcc/avr/4.3.3/../../../../avr/lib/avr35/crtusb162.o
__bss_end                                         c:/winavr-20100110/bin/../lib/gcc/avr/4.3.3/avr35\libgcc.a(_clear_bss.o)
__bss_start                                       c:/winavr-20100110/bin/../lib/gcc/avr/4.3.3/avr35\libgcc.a(_clear_bss.o)
__do_clear_bss                                    c:/winavr-20100110/bin/../lib/gcc/avr/4.3.3/avr35\libgcc.a(_clear_bss.o)
                                                  default/keyboard_task.o
                                                  default/usb_specific_request.o
                                                  default/usb_task.o
                                                  default/usb_standard_request.o
                                                  default/usb_device_task.o
__heap_end                                        c:/winavr-20100110/bin/../lib/gcc/avr/4.3.3/../../../../avr/lib/avr35/crtusb162.o
__init                                            c:/winavr-20100110/bin/../lib/gcc/avr/4.3.3/../../../../avr/lib/avr35/crtusb162.o
__low_level_init                                  default/main.o
__stack                                           c:/winavr-20100110/bin/../lib/gcc/avr/4.3.3/../../../../avr/lib/avr35/crtusb162.o
__vector_1                                        c:/winavr-20100110/bin/../lib/gcc/avr/4.3.3/../../../../avr/lib/avr35/crtusb162.o
__vector_10                                       c:/winavr-20100110/bin/../lib/gcc/avr/4.3.3/../../../../avr/lib/avr35/crtusb162.o
__vector_11                                       default/usb_task.o
                                                  c:/winavr-20100110/bin/../lib/gcc/avr/4.3.3/../../../../avr/lib/avr35/crtusb162.o
__vector_12                                       c:/winavr-20100110/bin/../lib/gcc/avr/4.3.3/../../../../avr/lib/avr35/crtusb162.o
__vector_13                                       c:/winavr-20100110/bin/../lib/gcc/avr/4.3.3/../../../../avr/lib/avr35/crtusb162.o
__vector_14                                       c:/winavr-20100110/bin/../lib/gcc/avr/4.3.3/../../../../avr/lib/avr35/crtusb162.o
__vector_15                                       c:/winavr-20100110/bin/../lib/gcc/avr/4.3.3/../../../../avr/lib/avr35/crtusb162.o
__vector_16                                       c:/winavr-20100110/bin/../lib/gcc/avr/4.3.3/../../../../avr/lib/avr35/crtusb162.o
__vector_17                                       c:/winavr-20100110/bin/../lib/gcc/avr/4.3.3/../../../../avr/lib/avr35/crtusb162.o
__vector_18                                       c:/winavr-20100110/bin/../lib/gcc/avr/4.3.3/../../../../avr/lib/avr35/crtusb162.o
__vector_19                                       c:/winavr-20100110/bin/../lib/gcc/avr/4.3.3/../../../../avr/lib/avr35/crtusb162.o
__vector_2                                        c:/winavr-20100110/bin/../lib/gcc/avr/4.3.3/../../../../avr/lib/avr35/crtusb162.o
__vector_20                                       c:/winavr-20100110/bin/../lib/gcc/avr/4.3.3/../../../../avr/lib/avr35/crtusb162.o
__vector_21                                       c:/winavr-20100110/bin/../lib/gcc/avr/4.3.3/../../../../avr/lib/avr35/crtusb162.o
__vector_22                                       c:/winavr-20100110/bin/../lib/gcc/avr/4.3.3/../../../../avr/lib/avr35/crtusb162.o
__vector_23                                       c:/winavr-20100110/bin/../lib/gcc/avr/4.3.3/../../../../avr/lib/avr35/crtusb162.o
__vector_24                                       c:/winavr-20100110/bin/../lib/gcc/avr/4.3.3/../../../../avr/lib/avr35/crtusb162.o
__vector_25                                       c:/winavr-20100110/bin/../lib/gcc/avr/4.3.3/../../../../avr/lib/avr35/crtusb162.o
__vector_26                                       c:/winavr-20100110/bin/../lib/gcc/avr/4.3.3/../../../../avr/lib/avr35/crtusb162.o
__vector_27                                       c:/winavr-20100110/bin/../lib/gcc/avr/4.3.3/../../../../avr/lib/avr35/crtusb162.o
__vector_28                                       c:/winavr-20100110/bin/../lib/gcc/avr/4.3.3/../../../../avr/lib/avr35/crtusb162.o
__vector_3                                        c:/winavr-20100110/bin/../lib/gcc/avr/4.3.3/../../../../avr/lib/avr35/crtusb162.o
__vector_4                                        c:/winavr-20100110/bin/../lib/gcc/avr/4.3.3/../../../../avr/lib/avr35/crtusb162.o
__vector_5                                        c:/winavr-20100110/bin/../lib/gcc/avr/4.3.3/../../../../avr/lib/avr35/crtusb162.o
__vector_6                                        c:/winavr-20100110/bin/../lib/gcc/avr/4.3.3/../../../../avr/lib/avr35/crtusb162.o
__vector_7                                        c:/winavr-20100110/bin/../lib/gcc/avr/4.3.3/../../../../avr/lib/avr35/crtusb162.o
__vector_8                                        c:/winavr-20100110/bin/../lib/gcc/avr/4.3.3/../../../../avr/lib/avr35/crtusb162.o
__vector_9                                        default/keyboard_task.o
                                                  c:/winavr-20100110/bin/../lib/gcc/avr/4.3.3/../../../../avr/lib/avr35/crtusb162.o
__vector_default                                  c:/winavr-20100110/bin/../lib/gcc/avr/4.3.3/../../../../avr/lib/avr35/crtusb162.o
__vectors                                         c:/winavr-20100110/bin/../lib/gcc/avr/4.3.3/../../../../avr/lib/avr35/crtusb162.o
_exit                                             c:/winavr-20100110/bin/../lib/gcc/avr/4.3.3/avr35\libgcc.a(_exit.o)
cpt_sof                                           default/keyboard_task.o
data_to_transfer                                  default/usb_specific_request.o
                                                  default/usb_standard_request.o
delay_usb                                         default/usb_task.o
device_status                                     default/usb_standard_request.o
endpoint_status                                   default/usb_standard_request.o
exit                                              c:/winavr-20100110/bin/../lib/gcc/avr/4.3.3/avr35\libgcc.a(_exit.o)
                                                  c:/winavr-20100110/bin/../lib/gcc/avr/4.3.3/../../../../avr/lib/avr35/crtusb162.o
g_u8_report_rate                                  default/usb_specific_request.o
g_usb_event                                       default/usb_task.o
                                                  default/usb_device_task.o
hid_get_hid_descriptor                            default/usb_specific_request.o
hid_get_report_descriptor                         default/usb_specific_request.o
kbd_test_hit                                      default/keyboard_task.o
key_hit                                           default/keyboard_task.o
keyboard_task                                     default/keyboard_task.o
                                                  default/scheduler.o
keyboard_task_init                                default/keyboard_task.o
                                                  default/usb_device_task.o
                                                  default/scheduler.o
main                                              default/main.o
                                                  c:/winavr-20100110/bin/../lib/gcc/avr/4.3.3/../../../../avr/lib/avr35/crtusb162.o
pbuffer                                           default/usb_specific_request.o
                                                  default/usb_standard_request.o
remote_wakeup_feature                             default/usb_standard_request.o
                                                  default/keyboard_task.o
scheduler                                         default/scheduler.o
                                                  default/main.o
scheduler_empty_fct                               default/scheduler.o
scheduler_init                                    default/scheduler.o
scheduler_tasks                                   default/scheduler.o
set_adc_noise_reduction_mode                      default/power_drv.o
set_ext_standby_mode                              default/power_drv.o
set_idle_mode                                     default/power_drv.o
set_power_down_mode                               default/power_drv.o
                                                  default/keyboard_task.o
set_power_save_mode                               default/power_drv.o
set_standby_mode                                  default/power_drv.o
sof_action                                        default/keyboard_task.o
                                                  default/usb_task.o
suspend_action                                    default/keyboard_task.o
                                                  default/usb_task.o
transmit_no_key                                   default/keyboard_task.o
usb_conf_desc                                     default/usb_descriptors.o
                                                  default/usb_specific_request.o
                                                  default/usb_standard_request.o
usb_config_ep                                     default/usb_drv.o
                                                  default/usb_specific_request.o
usb_configuration_nb                              default/keyboard_task.o
                                                  default/usb_standard_request.o
                                                  default/usb_device_task.o
usb_connected                                     default/usb_device_task.o
usb_data_to_send                                  default/keyboard_task.o
usb_delay_ms                                      default/usb_task.o
usb_dev_desc                                      default/usb_descriptors.o
                                                  default/usb_standard_request.o
usb_device_task                                   default/usb_device_task.o
                                                  default/usb_task.o
usb_device_task_init                              default/usb_device_task.o
                                                  default/usb_task.o
usb_generate_remote_wakeup                        default/usb_standard_request.o
                                                  default/keyboard_task.o
usb_halt_endpoint                                 default/usb_drv.o
usb_hid_get_idle                                  default/usb_specific_request.o
usb_hid_report_descriptor_kbd                     default/usb_descriptors.o
                                                  default/usb_specific_request.o
usb_hid_set_idle                                  default/usb_specific_request.o
usb_hid_set_report_ouput                          default/usb_specific_request.o
usb_init_device                                   default/usb_drv.o
                                                  default/usb_task.o
                                                  default/usb_device_task.o
usb_kbd_state                                     default/keyboard_task.o
usb_key                                           default/keyboard_task.o
usb_key_pointer                                   default/keyboard_task.o
usb_keydown                                       default/keyboard_task.o
usb_keyleft                                       default/keyboard_task.o
usb_keyright                                      default/keyboard_task.o
usb_keys                                          default/keyboard_task.o
usb_keyup                                         default/keyboard_task.o
usb_process_request                               default/usb_standard_request.o
                                                  default/usb_device_task.o
usb_read_packet                                   default/usb_drv.o
usb_select_enpoint_interrupt                      default/usb_drv.o
usb_send_packet                                   default/usb_drv.o
usb_start_device                                  default/usb_device_task.o
usb_suspended                                     default/usb_device_task.o
                                                  default/usb_task.o
usb_task                                          default/usb_task.o
                                                  default/scheduler.o
usb_task_init                                     default/usb_task.o
                                                  default/scheduler.o
usb_user_endpoint_init                            default/usb_specific_request.o
                                                  default/usb_standard_request.o
usb_user_get_descriptor                           default/usb_specific_request.o
                                                  default/usb_standard_request.o
usb_user_interface_get                            default/usb_specific_request.o
                                                  default/usb_standard_request.o
usb_user_interface_reset                          default/usb_specific_request.o
                                                  default/usb_standard_request.o
usb_user_language_id                              default/usb_descriptors.o
                                                  default/usb_specific_request.o
usb_user_manufacturer_string_descriptor           default/usb_descriptors.o
                                                  default/usb_specific_request.o
usb_user_product_string_descriptor                default/usb_descriptors.o
                                                  default/usb_specific_request.o
usb_user_read_request                             default/usb_specific_request.o
                                                  default/usb_standard_request.o
vbus_off_action                                   default/keyboard_task.o
wdtdrv_disable                                    default/wdt_drv.o
                                                  default/main.o
wdtdrv_enable                                     default/wdt_drv.o
wdtdrv_interrupt_enable                           default/wdt_drv.o
wdtdrv_interrupt_reset_enable                     default/wdt_drv.o
